// Jest Snapshot v1, https://goo.gl/fbAQLP

exports[`running on both client and server 1`] = `
Object {
  "data": Array [
    49,
    50,
  ],
  "type": "Buffer",
}
`;

exports[`running on both client and server 2`] = `
Object {
  "data": Array [
    51,
    52,
  ],
  "type": "Buffer",
}
`;

exports[`running on both client and server 3`] = `
Object {
  "data": Array [
    53,
    54,
  ],
  "type": "Buffer",
}
`;

exports[`running on both client and server 4`] = `
Object {
  "data": Array [
    55,
    56,
  ],
  "type": "Buffer",
}
`;
