// Jest Snapshot v1, https://goo.gl/fbAQLP

exports[`running on client and then server 1`] = `
Object {
  "payload": Object {
    "host": "example.com",
    "onConnected": [Function],
    "port": 443,
  },
  "type": "@action:connect_to_remote",
}
`;
