// Jest Snapshot v1, https://goo.gl/fbAQLP

exports[`running on both client and server 1`] = `
Object {
  "data": Array [
    18,
    72,
  ],
  "type": "Buffer",
}
`;
